
----------------------------------------------------------------------------------------------------
                                      Text File Reader Warnings
----------------------------------------------------------------------------------------------------
   Line                                        Message                                     Severity
----------------------------------------------------------------------------------------------------
3724                                   Unable to process non-epsilon/sigma nonbond for FE.   Warning
----------------------------------------------------------------------------------------------------

There have been warnings. Proceed with caution!


---------------------- CHARMM Parameter File Line Summary ----------------------
Angle                  =            624  Bond                   =            251
Dihedral               =           1054  HBond                  =              1
Improper               =             74  NonBond                =            131
Title                  =             18
--------------------------------------------------------------------------------

-------------------- CHARMM Parameter File Parameter Summary -------------------
Atom Types             =            131  Angles                 =            623
Bonds                  =            250  Cmaps                  =              0
Dihedrals (Nonwild)    =            791  Dihedrals (Wild)       =             92
Impropers (Nonwild)    =             48  Impropers (Wild)       =             25
Nonbonds (Nonwild)     =            129  Nonbonds (Wild)        =              0
Nonbonds 1-4 (Nonwild) =             19  Nonbonds 1-4 (Wild)    =              0
Urey-Bradleys          =            145
--------------------------------------------------------------------------------

---------------------- CHARMM Parameter File Line Summary ----------------------
Angle                  =             37  Bond                   =             23
Dihedral               =             56  Improper               =             11
NonBond                =             15  Title                  =              2
--------------------------------------------------------------------------------

-------------------- CHARMM Parameter File Parameter Summary -------------------
Atom Types             =             21  Angles                 =             36
Bonds                  =             22  Cmaps                  =              0
Dihedrals (Nonwild)    =             55  Dihedrals (Wild)       =              0
Impropers (Nonwild)    =             10  Impropers (Wild)       =              0
Nonbonds (Nonwild)     =             14  Nonbonds (Wild)        =              0
Nonbonds 1-4 (Nonwild) =              2  Nonbonds 1-4 (Wild)    =              0
Urey-Bradleys          =              8
--------------------------------------------------------------------------------

---------------------------- CHARMM PSF File Summary ---------------------------
Acceptors              =              0  Angles                 =          12147
Atoms                  =          20746  Bonds                  =          15045
Dihedrals              =           9393  Donors                 =              0
Exclusions             =              0  Groups                 =              1
Impropers              =            593  ST2s                   =              0
Title                  =              9
--------------------------------------------------------------------------------

----------------------------- Protein Setup Summary ----------------------------
QC-charge              =              0  QC-multiplicity        =              1
QC-atoms               =             51  Flexible atoms (QC+MM) =            960
Flexible atoms (MM)    =            909  Restrained atoms       =          19786
Buffer start           =       8.000000  Buffer stop            =      16.000000
Maximum force constant =      50.000000
--------------------------------------------------------------------------------
